{
  "version": 1,
  "plugins": [
    {
      "name": "pair-b",
      "version": "1.0.0",
      "forms": [
        {
          "name": "color",
          "description": "A solid colour swatch.",
          "open": false,
          "positional": "none",
          "keys": [
            {
              "name": "hex",
              "optional": false,
              "description": "Hex `#RRGGBB`.",
              "value": {
                "kind": "string"
              }
            },
            {
              "name": "name",
              "optional": true,
              "description": "",
              "value": {
                "kind": "symbol"
              }
            }
          ]
        },
        {
          "name": "gradient",
          "description": "A two-stop linear gradient.",
          "open": false,
          "positional": "none",
          "keys": [
            {
              "name": "from",
              "optional": false,
              "description": "",
              "value": {
                "kind": "string"
              }
            },
            {
              "name": "to",
              "optional": false,
              "description": "",
              "value": {
                "kind": "string"
              }
            },
            {
              "name": "angle",
              "optional": true,
              "description": "",
              "value": {
                "kind": "number"
              }
            }
          ]
        }
      ],
      "value_kinds": []
    }
  ],
  "warnings": []
}
